// Jest Snapshot v1, https://goo.gl/fbAQLP

exports[`Game Should be the same output on every run 1`] = `
[MockFunction] {
  "calls": Array [
    Array [
      "Chet was added",
    ],
    Array [
      "They are player number 1",
    ],
    Array [
      "Pat was added",
    ],
    Array [
      "They are player number 2",
    ],
    Array [
      "Chet is the current player",
    ],
    Array [
      "They have rolled a 4",
    ],
    Array [
      "Chet's new location is 4",
    ],
    Array [
      "The category is Pop",
    ],
    Array [
      "Pop Question 0",
    ],
    Array [
      "Answer was correct!!!!",
    ],
    Array [
      "Chet now has 1 Gold Coins.",
    ],
    Array [
      "Pat is the current player",
    ],
    Array [
      "They have rolled a 4",
    ],
    Array [
      "Pat's new location is 4",
    ],
    Array [
      "The category is Pop",
    ],
    Array [
      "Pop Question 1",
    ],
    Array [
      "Answer was correct!!!!",
    ],
    Array [
      "Pat now has 1 Gold Coins.",
    ],
    Array [
      "Chet is the current player",
    ],
    Array [
      "They have rolled a 4",
    ],
    Array [
      "Chet's new location is 8",
    ],
    Array [
      "The category is Pop",
    ],
    Array [
      "Pop Question 2",
    ],
    Array [
      "Answer was correct!!!!",
    ],
    Array [
      "Chet now has 2 Gold Coins.",
    ],
    Array [
      "Pat is the current player",
    ],
    Array [
      "They have rolled a 4",
    ],
    Array [
      "Pat's new location is 8",
    ],
    Array [
      "The category is Pop",
    ],
    Array [
      "Pop Question 3",
    ],
    Array [
      "Answer was correct!!!!",
    ],
    Array [
      "Pat now has 2 Gold Coins.",
    ],
    Array [
      "Chet is the current player",
    ],
    Array [
      "They have rolled a 4",
    ],
    Array [
      "Chet's new location is 0",
    ],
    Array [
      "The category is Pop",
    ],
    Array [
      "Pop Question 4",
    ],
    Array [
      "Answer was correct!!!!",
    ],
    Array [
      "Chet now has 3 Gold Coins.",
    ],
    Array [
      "Pat is the current player",
    ],
    Array [
      "They have rolled a 4",
    ],
    Array [
      "Pat's new location is 0",
    ],
    Array [
      "The category is Pop",
    ],
    Array [
      "Pop Question 5",
    ],
    Array [
      "Answer was correct!!!!",
    ],
    Array [
      "Pat now has 3 Gold Coins.",
    ],
    Array [
      "Chet is the current player",
    ],
    Array [
      "They have rolled a 4",
    ],
    Array [
      "Chet's new location is 4",
    ],
    Array [
      "The category is Pop",
    ],
    Array [
      "Pop Question 6",
    ],
    Array [
      "Answer was correct!!!!",
    ],
    Array [
      "Chet now has 4 Gold Coins.",
    ],
    Array [
      "Pat is the current player",
    ],
    Array [
      "They have rolled a 4",
    ],
    Array [
      "Pat's new location is 4",
    ],
    Array [
      "The category is Pop",
    ],
    Array [
      "Pop Question 7",
    ],
    Array [
      "Answer was correct!!!!",
    ],
    Array [
      "Pat now has 4 Gold Coins.",
    ],
    Array [
      "Chet is the current player",
    ],
    Array [
      "They have rolled a 4",
    ],
    Array [
      "Chet's new location is 8",
    ],
    Array [
      "The category is Pop",
    ],
    Array [
      "Pop Question 8",
    ],
    Array [
      "Answer was correct!!!!",
    ],
    Array [
      "Chet now has 5 Gold Coins.",
    ],
    Array [
      "Pat is the current player",
    ],
    Array [
      "They have rolled a 4",
    ],
    Array [
      "Pat's new location is 8",
    ],
    Array [
      "The category is Pop",
    ],
    Array [
      "Pop Question 9",
    ],
    Array [
      "Answer was correct!!!!",
    ],
    Array [
      "Pat now has 5 Gold Coins.",
    ],
    Array [
      "Chet is the current player",
    ],
    Array [
      "They have rolled a 4",
    ],
    Array [
      "Chet's new location is 0",
    ],
    Array [
      "The category is Pop",
    ],
    Array [
      "Pop Question 10",
    ],
    Array [
      "Answer was correct!!!!",
    ],
    Array [
      "Chet now has 6 Gold Coins.",
    ],
  ],
  "results": Array [
    Object {
      "type": "return",
      "value": undefined,
    },
    Object {
      "type": "return",
      "value": undefined,
    },
    Object {
      "type": "return",
      "value": undefined,
    },
    Object {
      "type": "return",
      "value": undefined,
    },
    Object {
      "type": "return",
      "value": undefined,
    },
    Object {
      "type": "return",
      "value": undefined,
    },
    Object {
      "type": "return",
      "value": undefined,
    },
    Object {
      "type": "return",
      "value": undefined,
    },
    Object {
      "type": "return",
      "value": undefined,
    },
    Object {
      "type": "return",
      "value": undefined,
    },
    Object {
      "type": "return",
      "value": undefined,
    },
    Object {
      "type": "return",
      "value": undefined,
    },
    Object {
      "type": "return",
      "value": undefined,
    },
    Object {
      "type": "return",
      "value": undefined,
    },
    Object {
      "type": "return",
      "value": undefined,
    },
    Object {
      "type": "return",
      "value": undefined,
    },
    Object {
      "type": "return",
      "value": undefined,
    },
    Object {
      "type": "return",
      "value": undefined,
    },
    Object {
      "type": "return",
      "value": undefined,
    },
    Object {
      "type": "return",
      "value": undefined,
    },
    Object {
      "type": "return",
      "value": undefined,
    },
    Object {
      "type": "return",
      "value": undefined,
    },
    Object {
      "type": "return",
      "value": undefined,
    },
    Object {
      "type": "return",
      "value": undefined,
    },
    Object {
      "type": "return",
      "value": undefined,
    },
    Object {
      "type": "return",
      "value": undefined,
    },
    Object {
      "type": "return",
      "value": undefined,
    },
    Object {
      "type": "return",
      "value": undefined,
    },
    Object {
      "type": "return",
      "value": undefined,
    },
    Object {
      "type": "return",
      "value": undefined,
    },
    Object {
      "type": "return",
      "value": undefined,
    },
    Object {
      "type": "return",
      "value": undefined,
    },
    Object {
      "type": "return",
      "value": undefined,
    },
    Object {
      "type": "return",
      "value": undefined,
    },
    Object {
      "type": "return",
      "value": undefined,
    },
    Object {
      "type": "return",
      "value": undefined,
    },
    Object {
      "type": "return",
      "value": undefined,
    },
    Object {
      "type": "return",
      "value": undefined,
    },
    Object {
      "type": "return",
      "value": undefined,
    },
    Object {
      "type": "return",
      "value": undefined,
    },
    Object {
      "type": "return",
      "value": undefined,
    },
    Object {
      "type": "return",
      "value": undefined,
    },
    Object {
      "type": "return",
      "value": undefined,
    },
    Object {
      "type": "return",
      "value": undefined,
    },
    Object {
      "type": "return",
      "value": undefined,
    },
    Object {
      "type": "return",
      "value": undefined,
    },
    Object {
      "type": "return",
      "value": undefined,
    },
    Object {
      "type": "return",
      "value": undefined,
    },
    Object {
      "type": "return",
      "value": undefined,
    },
    Object {
      "type": "return",
      "value": undefined,
    },
    Object {
      "type": "return",
      "value": undefined,
    },
    Object {
      "type": "return",
      "value": undefined,
    },
    Object {
      "type": "return",
      "value": undefined,
    },
    Object {
      "type": "return",
      "value": undefined,
    },
    Object {
      "type": "return",
      "value": undefined,
    },
    Object {
      "type": "return",
      "value": undefined,
    },
    Object {
      "type": "return",
      "value": undefined,
    },
    Object {
      "type": "return",
      "value": undefined,
    },
    Object {
      "type": "return",
      "value": undefined,
    },
    Object {
      "type": "return",
      "value": undefined,
    },
    Object {
      "type": "return",
      "value": undefined,
    },
    Object {
      "type": "return",
      "value": undefined,
    },
    Object {
      "type": "return",
      "value": undefined,
    },
    Object {
      "type": "return",
      "value": undefined,
    },
    Object {
      "type": "return",
      "value": undefined,
    },
    Object {
      "type": "return",
      "value": undefined,
    },
    Object {
      "type": "return",
      "value": undefined,
    },
    Object {
      "type": "return",
      "value": undefined,
    },
    Object {
      "type": "return",
      "value": undefined,
    },
    Object {
      "type": "return",
      "value": undefined,
    },
    Object {
      "type": "return",
      "value": undefined,
    },
    Object {
      "type": "return",
      "value": undefined,
    },
    Object {
      "type": "return",
      "value": undefined,
    },
    Object {
      "type": "return",
      "value": undefined,
    },
    Object {
      "type": "return",
      "value": undefined,
    },
    Object {
      "type": "return",
      "value": undefined,
    },
    Object {
      "type": "return",
      "value": undefined,
    },
    Object {
      "type": "return",
      "value": undefined,
    },
    Object {
      "type": "return",
      "value": undefined,
    },
    Object {
      "type": "return",
      "value": undefined,
    },
    Object {
      "type": "return",
      "value": undefined,
    },
  ],
}
`;
